// Jest Snapshot v1, https://goo.gl/fbAQLP

exports[`File Chips Component 1`] = `
<div
  className="file-chips__Container-sc-14bl2q5-0 ebnvxc"
/>
`;
