// Jest Snapshot v1, https://goo.gl/fbAQLP

exports[`Link changes the class when hovered 1`] = `
<a
  _target="blank"
  className="example-component__StyledButton-sc-118y5c4-0 bFMWwg"
  href="https://google.com"
  onMouseEnter={[Function]}
  onMouseLeave={[Function]}
>
  Hello World
</a>
`;

exports[`Link changes the class when hovered 2`] = `
<a
  _target="blank"
  className="example-component__StyledButton-sc-118y5c4-0 bFMWwg"
  href="https://google.com"
  onMouseEnter={[Function]}
  onMouseLeave={[Function]}
>
  Hello World
</a>
`;

exports[`Link changes the class when hovered 3`] = `
<a
  _target="blank"
  className="example-component__StyledButton-sc-118y5c4-0 bFMWwg"
  href="https://google.com"
  onMouseEnter={[Function]}
  onMouseLeave={[Function]}
>
  Hello World
</a>
`;
